[backblue.gif]
[fade.gif]
[index.html]
[madid-e2etc8btdcgwg3e8.malaysiawest-01.azurewebsites.net/comments/feed/index.html]
[madid-e2etc8btdcgwg3e8.malaysiawest-01.azurewebsites.net/feed/index.html]
[madid-e2etc8btdcgwg3e8.malaysiawest-01.azurewebsites.net/wp-content/themes/author-writer/assets/images/sliderimage.png]
[madid-e2etc8btdcgwg3e8.malaysiawest-01.azurewebsites.net/wp-json/index.html]
[madid-e2etc8btdcgwg3e8.malaysiawest-01.azurewebsites.net/wp-content/uploads/2026/09/Contribution-jeld2-e1789657222774.png]
[madid-e2etc8btdcgwg3e8.malaysiawest-01.azurewebsites.net/wp-content/uploads/2026/09/Contribution-jeld1-e1789657198866.png]
[madid-e2etc8btdcgwg3e8.malaysiawest-01.azurewebsites.net/index.html]
[fonts.googleapis.com/index.html]
[madid-e2etc8btdcgwg3e8.malaysiawest-01.azurewebsites.net/wp-content/themes/author-writer/assets/css/bootstrap03db.css]
[madid-e2etc8btdcgwg3e8.malaysiawest-01.azurewebsites.net/wp-content/themes/author-writer/style-rtl03db.css]
[madid-e2etc8btdcgwg3e8.malaysiawest-01.azurewebsites.net/wp-content/themes/author-writer/assets/css/blocks5152.css]
[madid-e2etc8btdcgwg3e8.malaysiawest-01.azurewebsites.net/wp-content/themes/author-writer/assets/css/fontawesome-all03db.css]
[madid-e2etc8btdcgwg3e8.malaysiawest-01.azurewebsites.net/wp-content/themes/author-writer/assets/css/animate03db.css]
[madid-e2etc8btdcgwg3e8.malaysiawest-01.azurewebsites.net/wp-includes/js/jquery/jquery.minf43b.js]
[madid-e2etc8btdcgwg3e8.malaysiawest-01.azurewebsites.net/wp-includes/js/jquery/jquery-migrate.min5589.js]
[madid-e2etc8btdcgwg3e8.malaysiawest-01.azurewebsites.net/wp-content/themes/author-writer/assets/js/bootstrap68b3.js]
[madid-e2etc8btdcgwg3e8.malaysiawest-01.azurewebsites.net/wp-content/themes/author-writer/assets/js/author-writer-custom68b3.js]
[madid-e2etc8btdcgwg3e8.malaysiawest-01.azurewebsites.net/wp-content/themes/author-writer/assets/js/focus-nav68b3.js]
[api.w.org/index.html]
[madid-e2etc8btdcgwg3e8.malaysiawest-01.azurewebsites.net/xmlrpc0db0.html]
[madid-e2etc8btdcgwg3e8.malaysiawest-01.azurewebsites.net/sample-page/index.html]
[madid-e2etc8btdcgwg3e8.malaysiawest-01.azurewebsites.net/2026/09/17/irans-contribution-to-the-world-civilization-vol-ii/feed/index.html]
[madid-e2etc8btdcgwg3e8.malaysiawest-01.azurewebsites.net/wp-json/oembed/1.0/embedf9b6.json]
[madid-e2etc8btdcgwg3e8.malaysiawest-01.azurewebsites.net/wp-json/oembed/1.0/embed2fc6]
[madid-e2etc8btdcgwg3e8.malaysiawest-01.azurewebsites.net/wp-json/wp/v2/posts/47.json]
[madid-e2etc8btdcgwg3e8.malaysiawest-01.azurewebsites.net/wp-content/uploads/2026/09/JELD2JELD1IRANS-CONTRIBUTION.pdf]
[madid-e2etc8btdcgwg3e8.malaysiawest-01.azurewebsites.net/2026/09/17/irans-contribution-to-the-world-civilization-vol-ii/index.html]
[madid-e2etc8btdcgwg3e8.malaysiawest-01.azurewebsites.net/2026/09/14/hello-world/feed/index.html]
[madid-e2etc8btdcgwg3e8.malaysiawest-01.azurewebsites.net/wp-json/oembed/1.0/embed0331.json]
[madid-e2etc8btdcgwg3e8.malaysiawest-01.azurewebsites.net/wp-json/oembed/1.0/embed617a]
[madid-e2etc8btdcgwg3e8.malaysiawest-01.azurewebsites.net/wp-json/wp/v2/posts/1.json]
[madid-e2etc8btdcgwg3e8.malaysiawest-01.azurewebsites.net/wp-content/uploads/2026/09/JELD1IRANS-CONTRIBUTION.pdf]
[madid-e2etc8btdcgwg3e8.malaysiawest-01.azurewebsites.net/2026/09/14/hello-world/index.html]
[madid-e2etc8btdcgwg3e8.malaysiawest-01.azurewebsites.net/2026/09/index.html]
[www.themespride.com/products/free-author-wordpress-theme.html]
[madid-e2etc8btdcgwg3e8.malaysiawest-01.azurewebsites.net/wp-content/themes/author-writer/assets/js/wow03db.js]
[madid-e2etc8btdcgwg3e8.malaysiawest-01.azurewebsites.net/indexcb30.html]
[madid-e2etc8btdcgwg3e8.malaysiawest-01.azurewebsites.net/wp-includes/js/dist/script-modules/block-library/file/view.min1fc8.js]
[madid-e2etc8btdcgwg3e8.malaysiawest-01.azurewebsites.net/wp-includes/js/dist/script-modules/interactivity/index.min132d.js]
[madid-e2etc8btdcgwg3e8.malaysiawest-01.azurewebsites.net/wp-includes/js/comment-reply.min03db.js]
[madid-e2etc8btdcgwg3e8.malaysiawest-01.azurewebsites.net/indexcff1.html]
[madid-e2etc8btdcgwg3e8.malaysiawest-01.azurewebsites.net/2026/09/17/irans-contribution-to-the-world-civilization-vol-ii/AcroPDF.html]
[www.w3.org/2000/svg.html]
[www.w3.org/1999/xhtml/index.html]
